// Jest Snapshot v1, https://goo.gl/fbAQLP

exports[`tests in <Login /> should match the snapshot 1`] = `
<DocumentFragment>
  <div
    class="MuiBox-root css-194fdgp"
  >
    <div
      class="MuiBox-root css-b5mc0i"
    >
      <div
        class="MuiBox-root css-0"
      >
        <h2
          class="MuiTypography-root MuiTypography-h2 css-be5vtk-MuiTypography-root"
        >
          LOGIN
        </h2>
        <h5
          class="MuiTypography-root MuiTypography-h5 css-b1sixc-MuiTypography-root"
        >
          Enter credentials to login
        </h5>
      </div>
      <div
        class="MuiBox-root css-0"
      />
    </div>
    <form>
      <div
        class="MuiBox-root css-ba4bgi"
      >
        <div
          class="MuiFormControl-root MuiFormControl-fullWidth MuiTextField-root css-1vd3lbb-MuiFormControl-root-MuiTextField-root"
        >
          <label
            class="MuiFormLabel-root MuiInputLabel-root MuiInputLabel-formControl MuiInputLabel-animated MuiInputLabel-shrink MuiInputLabel-filled MuiFormLabel-colorPrimary MuiFormLabel-filled MuiInputLabel-root MuiInputLabel-formControl MuiInputLabel-animated MuiInputLabel-shrink MuiInputLabel-filled css-o943dk-MuiFormLabel-root-MuiInputLabel-root"
            data-shrink="true"
            for=":r0:"
            id=":r0:-label"
          >
            Email
          </label>
          <div
            class="MuiInputBase-root MuiFilledInput-root MuiFilledInput-underline MuiInputBase-colorPrimary MuiInputBase-fullWidth MuiInputBase-formControl css-2y464i-MuiInputBase-root-MuiFilledInput-root"
            data-testid="email-helper-text"
          >
            <input
              aria-invalid="false"
              class="MuiInputBase-input MuiFilledInput-input css-10botns-MuiInputBase-input-MuiFilledInput-input"
              id=":r0:"
              name="email"
              type="text"
              value="jonsnow@gmail.com"
            />
          </div>
        </div>
        <div
          class="MuiFormControl-root MuiFormControl-fullWidth MuiTextField-root css-1vd3lbb-MuiFormControl-root-MuiTextField-root"
        >
          <label
            class="MuiFormLabel-root MuiInputLabel-root MuiInputLabel-formControl MuiInputLabel-animated MuiInputLabel-shrink MuiInputLabel-filled MuiFormLabel-colorPrimary MuiFormLabel-filled MuiInputLabel-root MuiInputLabel-formControl MuiInputLabel-animated MuiInputLabel-shrink MuiInputLabel-filled css-o943dk-MuiFormLabel-root-MuiInputLabel-root"
            data-shrink="true"
            for=":r1:"
            id=":r1:-label"
          >
            Password
          </label>
          <div
            class="MuiInputBase-root MuiFilledInput-root MuiFilledInput-underline MuiInputBase-colorPrimary MuiInputBase-fullWidth MuiInputBase-formControl css-2y464i-MuiInputBase-root-MuiFilledInput-root"
            data-testid="password-helper-text"
          >
            <input
              aria-invalid="false"
              class="MuiInputBase-input MuiFilledInput-input css-10botns-MuiInputBase-input-MuiFilledInput-input"
              id=":r1:"
              name="password"
              type="password"
              value="12333434"
            />
          </div>
        </div>
      </div>
      <div
        class="MuiBox-root css-1xaekgw"
      >
        <div
          class="MuiGrid-root MuiGrid-item MuiGrid-grid-xs-12 css-1uydgkw-MuiGrid-root"
          style="margin-bottom: 10px;"
        >
          <div
            class="MuiPaper-root MuiPaper-elevation MuiPaper-rounded MuiPaper-elevation0 MuiAlert-root MuiAlert-standardError MuiAlert-standard css-1hdyuqk-MuiPaper-root-MuiAlert-root"
            role="alert"
          >
            <div
              class="MuiAlert-icon css-1ytlwq5-MuiAlert-icon"
            >
              <svg
                aria-hidden="true"
                class="MuiSvgIcon-root MuiSvgIcon-fontSizeInherit css-1vooibu-MuiSvgIcon-root"
                data-testid="ErrorOutlineIcon"
                focusable="false"
                viewBox="0 0 24 24"
              >
                <path
                  d="M11 15h2v2h-2zm0-8h2v6h-2zm.99-5C6.47 2 2 6.48 2 12s4.47 10 9.99 10C17.52 22 22 17.52 22 12S17.52 2 11.99 2zM12 20c-4.42 0-8-3.58-8-8s3.58-8 8-8 8 3.58 8 8-3.58 8-8 8z"
                />
              </svg>
            </div>
            <div
              class="MuiAlert-message css-1pxa9xg-MuiAlert-message"
            />
          </div>
        </div>
        <button
          class="MuiButtonBase-root MuiButton-root MuiButton-contained MuiButton-containedSecondary MuiButton-sizeMedium MuiButton-containedSizeMedium MuiButton-root MuiButton-contained MuiButton-containedSecondary MuiButton-sizeMedium MuiButton-containedSizeMedium css-ech2n8-MuiButtonBase-root-MuiButton-root"
          tabindex="0"
          type="submit"
        >
          Login
          <span
            class="MuiTouchRipple-root css-8je8zh-MuiTouchRipple-root"
          />
        </button>
      </div>
    </form>
  </div>
</DocumentFragment>
`;
